../../Drivers/CMSIS/Include/core_cm0plus.h:987:34:__NVIC_SystemReset	8	static,ignoring_inline_asm
C:/Users/aichi/STM32Cube/Example/BLE_p2pServer_ota/STM32_BLE/App/ota_app.c:151:6:OTA_Notification	40	static
C:/Users/aichi/STM32Cube/Example/BLE_p2pServer_ota/STM32_BLE/App/ota_app.c:459:6:OTA_APP_EvtRx	16	static
C:/Users/aichi/STM32Cube/Example/BLE_p2pServer_ota/STM32_BLE/App/ota_app.c:497:6:OTA_APP_Init	8	static
C:/Users/aichi/STM32Cube/Example/BLE_p2pServer_ota/STM32_BLE/App/ota_app.c:515:13:Reboot	8	static
C:/Users/aichi/STM32Cube/Example/BLE_p2pServer_ota/STM32_BLE/App/ota_app.c:533:6:reset	16	static
C:/Users/aichi/STM32Cube/Example/BLE_p2pServer_ota/STM32_BLE/App/ota_app.c:541:9:OTA_APP_GetConfStatus	8	static
C:/Users/aichi/STM32Cube/Example/BLE_p2pServer_ota/STM32_BLE/App/ota_app.c:549:13:DeleteSlot	40	static
C:/Users/aichi/STM32Cube/Example/BLE_p2pServer_ota/STM32_BLE/App/ota_app.c:590:13:FM_WriteCallback	16	static
C:/Users/aichi/STM32Cube/Example/BLE_p2pServer_ota/STM32_BLE/App/ota_app.c:599:13:FM_EraseCallback	16	static
C:/Users/aichi/STM32Cube/Example/BLE_p2pServer_ota/STM32_BLE/App/ota_app.c:614:13:OTA_Conf_SendIndication	24	static
