../Drivers/CMSIS/Include/core_cm0plus.h:987:34:__NVIC_SystemReset	8	static,ignoring_inline_asm
../STM32_BLE/App/app_ble.c:223:6:ModulesInit	8	static
../STM32_BLE/App/app_ble.c:232:6:BLE_Init	120	static
../STM32_BLE/App/app_ble.c:465:6:BLEStack_Process_Schedule	8	static
../STM32_BLE/App/app_ble.c:471:13:BLEStack_Process	8	static
../STM32_BLE/App/app_ble.c:479:6:VTimer_Process	8	static
../STM32_BLE/App/app_ble.c:484:6:VTimer_Process_Schedule	8	static
../STM32_BLE/App/app_ble.c:488:6:NVM_Process	8	static
../STM32_BLE/App/app_ble.c:493:6:NVM_Process_Schedule	8	static
../STM32_BLE/App/app_ble.c:499:6:HAL_RADIO_TIMER_TxRxWakeUpCallback	8	static
../STM32_BLE/App/app_ble.c:505:6:HAL_RADIO_TIMER_CpuWakeUpCallback	8	static
../STM32_BLE/App/app_ble.c:511:6:HAL_RADIO_TxRxCallback	16	static
../STM32_BLE/App/app_ble.c:519:6:BLE_STACK_ProcessRequest	8	static
../STM32_BLE/App/app_ble.c:525:6:APP_BLE_Init	24	static
../STM32_BLE/App/app_ble.c:594:6:BLEEVT_App_Notification	120	static
../STM32_BLE/App/app_ble.c:931:13:connection_complete_event	48	static
../STM32_BLE/App/app_ble.c:986:22:APP_BLE_Get_Server_Connection_Status	8	static
../STM32_BLE/App/app_ble.c:991:6:APP_BLE_Procedure_Gap_General	40	static
../STM32_BLE/App/app_ble.c:1079:6:APP_BLE_Procedure_Gap_Peripheral	104	static
../STM32_BLE/App/app_ble.c:1274:13:gap_cmd_resp_release	8	static
../STM32_BLE/App/app_ble.c:1280:13:gap_cmd_resp_wait	8	static
../STM32_BLE/App/app_ble.c:1287:13:Adv_Cancel_Req	16	static
../STM32_BLE/App/app_ble.c:1294:13:Switch_OFF_GPIO	16	static
../STM32_BLE/App/app_ble.c:1300:13:Adv_Cancel	8	static
../STM32_BLE/App/app_ble.c:1310:13:fill_advData	40	static
../STM32_BLE/App/app_ble.c:1383:6:APPE_Button1Action	8	static
../STM32_BLE/App/app_ble.c:1400:6:APPE_Button2Action	24	static
../STM32_BLE/App/app_ble.c:1427:6:APPE_Button3Action	8	static
../STM32_BLE/App/app_ble.c:1442:6:APPE_Button4Action	8	static
