C:/Users/aichi/STM32Cube/Example/BLE_p2pServer_ota/Middlewares/ST/STM32_BLE/evt_handler/src/ble_evt.c:63:6:BLEEVT_Init	8	static
C:/Users/aichi/STM32Cube/Example/BLE_p2pServer_ota/Middlewares/ST/STM32_BLE/evt_handler/src/ble_evt.c:75:5:BLEEVT_RegisterGattEvtHandler	16	static
C:/Users/aichi/STM32Cube/Example/BLE_p2pServer_ota/Middlewares/ST/STM32_BLE/evt_handler/src/ble_evt.c:91:5:BLEEVT_RegisterHandler	16	static
C:/Users/aichi/STM32Cube/Example/BLE_p2pServer_ota/Middlewares/ST/STM32_BLE/evt_handler/src/ble_evt.c:107:6:BLE_STACK_Event	56	static
