C:/Users/aichi/STM32Cube/Example/BLE_p2pServer_ota/STM32_BLE/Target/blenvm.c:103:9:NVMDB_TimeCheck	24	static
C:/Users/aichi/STM32Cube/Example/BLE_p2pServer_ota/STM32_BLE/Target/blenvm.c:127:6:BLENVM_Init	8	static
C:/Users/aichi/STM32Cube/Example/BLE_p2pServer_ota/STM32_BLE/Target/blenvm.c:136:26:BLEPLAT_NvmAdd	56	static
C:/Users/aichi/STM32Cube/Example/BLE_p2pServer_ota/STM32_BLE/Target/blenvm.c:172:26:BLEPLAT_NvmGet	40	static
C:/Users/aichi/STM32Cube/Example/BLE_p2pServer_ota/STM32_BLE/Target/blenvm.c:219:5:BLEPLAT_NvmCompare	32	static
C:/Users/aichi/STM32Cube/Example/BLE_p2pServer_ota/STM32_BLE/Target/blenvm.c:239:6:BLEPLAT_NvmDiscard	16	static
