C:/Users/aichi/STM32Cube/Example/BLE_p2pServer_ota/Utilities/lpm/tiny_lpm/stm32_lpm.c:121:6:UTIL_LPM_Init	8	static
C:/Users/aichi/STM32Cube/Example/BLE_p2pServer_ota/Utilities/lpm/tiny_lpm/stm32_lpm.c:128:6:UTIL_LPM_DeInit	8	static
C:/Users/aichi/STM32Cube/Example/BLE_p2pServer_ota/Utilities/lpm/tiny_lpm/stm32_lpm.c:132:6:UTIL_LPM_SetStopMode	32	static,ignoring_inline_asm
C:/Users/aichi/STM32Cube/Example/BLE_p2pServer_ota/Utilities/lpm/tiny_lpm/stm32_lpm.c:157:6:UTIL_LPM_SetOffMode	32	static,ignoring_inline_asm
C:/Users/aichi/STM32Cube/Example/BLE_p2pServer_ota/Utilities/lpm/tiny_lpm/stm32_lpm.c:182:17:UTIL_LPM_GetMode	24	static,ignoring_inline_asm
C:/Users/aichi/STM32Cube/Example/BLE_p2pServer_ota/Utilities/lpm/tiny_lpm/stm32_lpm.c:215:6:UTIL_LPM_EnterLowPower	24	static,ignoring_inline_asm
