../../Drivers/CMSIS/Include/core_cm0plus.h:741:22:__NVIC_EnableIRQ	16	static,ignoring_inline_asm
../../Drivers/CMSIS/Include/core_cm0plus.h:850:22:__NVIC_SetPriority	24	static
../../Drivers/STM32WB0x_HAL_Driver/Inc/stm32wb0x_ll_usart.h:3508:22:LL_USART_EnableIT_RXNE_RXFNE	32	static,ignoring_inline_asm
C:/Users/aichi/STM32Cube/Example/BLE_p2pServer_ota/Core/Src/app_entry.c:115:10:MX_APPE_Init	32	static
C:/Users/aichi/STM32Cube/Example/BLE_p2pServer_ota/Core/Src/app_entry.c:185:9:APPE_ButtonIsLongPressed	32	static
C:/Users/aichi/STM32Cube/Example/BLE_p2pServer_ota/Core/Src/app_entry.c:206:13:APPE_Button1Action	8	static
C:/Users/aichi/STM32Cube/Example/BLE_p2pServer_ota/Core/Src/app_entry.c:216:13:APPE_Button2Action	8	static
C:/Users/aichi/STM32Cube/Example/BLE_p2pServer_ota/Core/Src/app_entry.c:225:13:APPE_Button3Action	8	static
C:/Users/aichi/STM32Cube/Example/BLE_p2pServer_ota/Core/Src/app_entry.c:233:13:APPE_Button4Action	8	static
C:/Users/aichi/STM32Cube/Example/BLE_p2pServer_ota/Core/Src/app_entry.c:246:24:App_PowerSaveLevel_Check	16	static
C:/Users/aichi/STM32Cube/Example/BLE_p2pServer_ota/Core/Src/app_entry.c:259:13:Led_Init	8	static
C:/Users/aichi/STM32Cube/Example/BLE_p2pServer_ota/Core/Src/app_entry.c:273:13:Button_Init	16	static
C:/Users/aichi/STM32Cube/Example/BLE_p2pServer_ota/Core/Src/app_entry.c:313:13:Button_TriggerActions	24	static
C:/Users/aichi/STM32Cube/Example/BLE_p2pServer_ota/Core/Src/app_entry.c:343:13:RxUART_Init	8	static
C:/Users/aichi/STM32Cube/Example/BLE_p2pServer_ota/Core/Src/app_entry.c:356:6:UartRxCpltCallback	16	static
C:/Users/aichi/STM32Cube/Example/BLE_p2pServer_ota/Core/Src/app_entry.c:379:13:UartCmdExecute	8	static
C:/Users/aichi/STM32Cube/Example/BLE_p2pServer_ota/Core/Src/app_entry.c:436:6:Schedule_FM_Task	16	static
C:/Users/aichi/STM32Cube/Example/BLE_p2pServer_ota/Core/Src/app_entry.c:441:6:FM_ProcessRequest	16	static
C:/Users/aichi/STM32Cube/Example/BLE_p2pServer_ota/Core/Src/app_entry.c:467:6:MX_APPE_Process	8	static
C:/Users/aichi/STM32Cube/Example/BLE_p2pServer_ota/Core/Src/app_entry.c:477:6:UTIL_SEQ_PreIdle	8	static
C:/Users/aichi/STM32Cube/Example/BLE_p2pServer_ota/Core/Src/app_entry.c:487:6:UTIL_SEQ_Idle	96	static,ignoring_inline_asm
C:/Users/aichi/STM32Cube/Example/BLE_p2pServer_ota/Core/Src/app_entry.c:545:6:BSP_PB_Callback	16	static
C:/Users/aichi/STM32Cube/Example/BLE_p2pServer_ota/Core/Src/app_entry.c:554:6:HAL_PWR_WKUPx_Callback	16	static
C:/Users/aichi/STM32Cube/Example/BLE_p2pServer_ota/Core/Src/app_entry.c:580:6:HAL_GPIO_EXTI_Callback	16	static
