../../Drivers/STM32WB0x_HAL_Driver/Inc/stm32wb0x_ll_radio_timer.h:325:26:LL_RADIO_TIMER_GetAbsoluteTime	16	static
../../Drivers/STM32WB0x_HAL_Driver/Inc/stm32wb0x_ll_bus.h:229:22:LL_AHB1_GRP1_EnableClock	24	static
../../Drivers/STM32WB0x_HAL_Driver/Inc/stm32wb0x_ll_bus.h:642:22:LL_APB2_GRP1_EnableClock	24	static
../../Drivers/STM32WB0x_HAL_Driver/Inc/stm32wb0x_ll_bus.h:659:26:LL_APB2_GRP1_IsEnabledClock	16	static
../../Drivers/STM32WB0x_HAL_Driver/Inc/stm32wb0x_ll_bus.h:685:22:LL_APB2_GRP1_ForceReset	16	static
../../Drivers/STM32WB0x_HAL_Driver/Inc/stm32wb0x_ll_bus.h:698:22:LL_APB2_GRP1_ReleaseReset	16	static
C:/Users/aichi/STM32Cube/Example/BLE_p2pServer_ota/Core/Src/main.c:70:5:main	8	static
C:/Users/aichi/STM32Cube/Example/BLE_p2pServer_ota/Core/Src/main.c:124:6:SystemClock_Config	48	static
C:/Users/aichi/STM32Cube/Example/BLE_p2pServer_ota/Core/Src/main.c:155:6:PeriphCommonClock_Config	32	static
C:/Users/aichi/STM32Cube/Example/BLE_p2pServer_ota/Core/Src/main.c:175:13:MX_PKA_Init	8	static
C:/Users/aichi/STM32Cube/Example/BLE_p2pServer_ota/Core/Src/main.c:201:13:MX_RADIO_Init	16	static
C:/Users/aichi/STM32Cube/Example/BLE_p2pServer_ota/Core/Src/main.c:236:13:MX_RADIO_TIMER_Init	16	static
C:/Users/aichi/STM32Cube/Example/BLE_p2pServer_ota/Core/Src/main.c:275:13:MX_GPIO_Init	8	static
C:/Users/aichi/STM32Cube/Example/BLE_p2pServer_ota/Core/Src/main.c:299:6:Error_Handler	8	static,ignoring_inline_asm
