../../Drivers/STM32WB0x_HAL_Driver/Inc/stm32wb0x_ll_radio_timer.h:325:26:LL_RADIO_TIMER_GetAbsoluteTime	1
../../Drivers/STM32WB0x_HAL_Driver/Inc/stm32wb0x_ll_bus.h:229:22:LL_AHB1_GRP1_EnableClock	1
../../Drivers/STM32WB0x_HAL_Driver/Inc/stm32wb0x_ll_bus.h:642:22:LL_APB2_GRP1_EnableClock	1
../../Drivers/STM32WB0x_HAL_Driver/Inc/stm32wb0x_ll_bus.h:659:26:LL_APB2_GRP1_IsEnabledClock	2
../../Drivers/STM32WB0x_HAL_Driver/Inc/stm32wb0x_ll_bus.h:685:22:LL_APB2_GRP1_ForceReset	1
../../Drivers/STM32WB0x_HAL_Driver/Inc/stm32wb0x_ll_bus.h:698:22:LL_APB2_GRP1_ReleaseReset	1
C:/Users/aichi/STM32Cube/Example/BLE_p2pServer_ota/Core/Src/main.c:70:5:main	1
C:/Users/aichi/STM32Cube/Example/BLE_p2pServer_ota/Core/Src/main.c:124:6:SystemClock_Config	3
C:/Users/aichi/STM32Cube/Example/BLE_p2pServer_ota/Core/Src/main.c:155:6:PeriphCommonClock_Config	2
C:/Users/aichi/STM32Cube/Example/BLE_p2pServer_ota/Core/Src/main.c:175:13:MX_PKA_Init	2
C:/Users/aichi/STM32Cube/Example/BLE_p2pServer_ota/Core/Src/main.c:201:13:MX_RADIO_Init	2
C:/Users/aichi/STM32Cube/Example/BLE_p2pServer_ota/Core/Src/main.c:236:13:MX_RADIO_TIMER_Init	3
C:/Users/aichi/STM32Cube/Example/BLE_p2pServer_ota/Core/Src/main.c:275:13:MX_GPIO_Init	1
C:/Users/aichi/STM32Cube/Example/BLE_p2pServer_ota/Core/Src/main.c:299:6:Error_Handler	1
